// Jest Snapshot v1, https://goo.gl/fbAQLP

exports[`Card snapshot empty array 1`] = `
Object {
  "asFragment": [Function],
  "baseElement": <body>
    <div>
      <form
        class="form "
        style="background-color: red;"
      >
        <div
          class="header"
          style="background-color: darkred;"
        >
          <div
            class="flex"
          >
            Modal
            <span
              class="closeX"
            >
              X
            </span>
          </div>
        </div>
        <div
          class="body"
        >
          <p
            class="body_text"
          >
            Lorem Ipsum is simply dummy text of the printing and typesetting industry. Lorem Ipsum has been the industry's standard dummy text ever since the 1500s, when an unknown printer took a galley of type and scrambled it to make a type specimen book.
          </p>
          <div
            class="buttons"
          >
            <button
              class="mainButton"
              style="background-color: darkred;"
            >
              Ok
            </button>
            <button
              class="mainButton"
              style="background-color: darkred;"
            >
              Cancel
            </button>
          </div>
        </div>
      </form>
      <div
        class="product-wrap"
      >
        <div
          class="product-item"
        >
          <img
            alt="img"
          />
          <span />
        </div>
        <div
          class="product-title"
        >
          <p />
          <div
            class="product-flex-info"
          >
            <span />
            <span
              class="product-price"
            >
              $ 
            </span>
            <span />
          </div>
        </div>
      </div>
    </div>
  </body>,
  "container": <div>
    <form
      class="form "
      style="background-color: red;"
    >
      <div
        class="header"
        style="background-color: darkred;"
      >
        <div
          class="flex"
        >
          Modal
          <span
            class="closeX"
          >
            X
          </span>
        </div>
      </div>
      <div
        class="body"
      >
        <p
          class="body_text"
        >
          Lorem Ipsum is simply dummy text of the printing and typesetting industry. Lorem Ipsum has been the industry's standard dummy text ever since the 1500s, when an unknown printer took a galley of type and scrambled it to make a type specimen book.
        </p>
        <div
          class="buttons"
        >
          <button
            class="mainButton"
            style="background-color: darkred;"
          >
            Ok
          </button>
          <button
            class="mainButton"
            style="background-color: darkred;"
          >
            Cancel
          </button>
        </div>
      </div>
    </form>
    <div
      class="product-wrap"
    >
      <div
        class="product-item"
      >
        <img
          alt="img"
        />
        <span />
      </div>
      <div
        class="product-title"
      >
        <p />
        <div
          class="product-flex-info"
        >
          <span />
          <span
            class="product-price"
          >
            $ 
          </span>
          <span />
        </div>
      </div>
    </div>
  </div>,
  "debug": [Function],
  "findAllByAltText": [Function],
  "findAllByDisplayValue": [Function],
  "findAllByLabelText": [Function],
  "findAllByPlaceholderText": [Function],
  "findAllByRole": [Function],
  "findAllByTestId": [Function],
  "findAllByText": [Function],
  "findAllByTitle": [Function],
  "findByAltText": [Function],
  "findByDisplayValue": [Function],
  "findByLabelText": [Function],
  "findByPlaceholderText": [Function],
  "findByRole": [Function],
  "findByTestId": [Function],
  "findByText": [Function],
  "findByTitle": [Function],
  "getAllByAltText": [Function],
  "getAllByDisplayValue": [Function],
  "getAllByLabelText": [Function],
  "getAllByPlaceholderText": [Function],
  "getAllByRole": [Function],
  "getAllByTestId": [Function],
  "getAllByText": [Function],
  "getAllByTitle": [Function],
  "getByAltText": [Function],
  "getByDisplayValue": [Function],
  "getByLabelText": [Function],
  "getByPlaceholderText": [Function],
  "getByRole": [Function],
  "getByTestId": [Function],
  "getByText": [Function],
  "getByTitle": [Function],
  "queryAllByAltText": [Function],
  "queryAllByDisplayValue": [Function],
  "queryAllByLabelText": [Function],
  "queryAllByPlaceholderText": [Function],
  "queryAllByRole": [Function],
  "queryAllByTestId": [Function],
  "queryAllByText": [Function],
  "queryAllByTitle": [Function],
  "queryByAltText": [Function],
  "queryByDisplayValue": [Function],
  "queryByLabelText": [Function],
  "queryByPlaceholderText": [Function],
  "queryByRole": [Function],
  "queryByTestId": [Function],
  "queryByText": [Function],
  "queryByTitle": [Function],
  "rerender": [Function],
  "unmount": [Function],
}
`;
